../Drivers/CMSIS/Include/core_cm4.h:2064:26:ITM_SendChar	16	static,ignoring_inline_asm
../Core/Src/main.c:143:5:main	8	static
../Core/Src/main.c:249:6:SystemClock_Config	128	static
../Core/Src/main.c:305:13:MX_I2C1_Init	8	static
../Core/Src/main.c:353:13:MX_I2C2_Init	8	static
../Core/Src/main.c:401:13:MX_SPI1_Init	8	static
../Core/Src/main.c:441:13:MX_USART2_UART_Init	8	static
../Core/Src/main.c:476:13:MX_USB_PCD_Init	8	static
../Core/Src/main.c:507:13:MX_GPIO_Init	48	static
../Core/Src/main.c:559:6:Task_action	16	static
../Core/Src/main.c:573:6:StartTaskNorth	16	static
../Core/Src/main.c:598:6:StartTaskNorthEast	16	static
../Core/Src/main.c:623:6:StartTaskEast	16	static
../Core/Src/main.c:648:6:StartTaskSouthEast	16	static
../Core/Src/main.c:673:6:StartTaskSouth	16	static
../Core/Src/main.c:698:6:StartTaskSouthWest	16	static
../Core/Src/main.c:723:6:StartTaskWest	16	static
../Core/Src/main.c:748:6:StartTaskNorthWest	16	static
../Core/Src/main.c:774:6:HAL_TIM_PeriodElapsedCallback	16	static
../Core/Src/main.c:792:6:Error_Handler	4	static,ignoring_inline_asm
